=== Batch Hero Image to Video Conversion ===
Discovering hero.jpg files...
[CONVERTING] back...
[CONVERTING] android...
[CONVERTING] aso...
[CONVERTING] ads...
[CONVERTING] brand...
[CONVERTING] cms...
[CONVERTING] crm...
[CONVERTING] comp...
[CONVERTING] disc...
[CONVERTING] drupal...
[CONVERTING] erp...
[CONVERTING] front...
[CONVERTING] hr...
[CONVERTING] hybrid...
[CONVERTING] ios...
[CONVERTING] laravel...
[CONVERTING] mvp...
[CONVERTING] net...
[CONVERTING] next...
[CONVERTING] node...
[CONVERTING] php...
[CONVERTING] react...
[CONVERTING] rnad...
[CONVERTING] ror...
[CONVERTING] seo...
[CONVERTING] soft...
[CONVERTING] startup...
[CONVERTING] ui-ux...
[CONVERTING] unity...
[CONVERTING] vue...
[CONVERTING] wad...
[CONVERTING] wd...
