[CONVERTING] android...
[libx264 @ 0x563c12cbe4c0] height not divisible by 2 (1536x815)
[vost#0:0/libx264 @ 0x563c12ccd740] Error while opening encoder - maybe incorrect parameters such as bit_rate, rate, width or height.
[vf#0:0 @ 0x563c12cc6380] Error sending frames to consumers: Generic error in an external library
[vf#0:0 @ 0x563c12cc6380] Task finished with error code: -542398533 (Generic error in an external library)
[vf#0:0 @ 0x563c12cc6380] Terminating thread with return code -542398533 (Generic error in an external library)
[vost#0:0/libx264 @ 0x563c12ccd740] Could not open encoder before EOF
[vost#0:0/libx264 @ 0x563c12ccd740] Task finished with error code: -22 (Invalid argument)
[vost#0:0/libx264 @ 0x563c12ccd740] Terminating thread with return code -22 (Invalid argument)
[out#0/mp4 @ 0x563c12cccec0] Nothing was written into output file, because at least one of its streams received no packets.
[OK] android
[CONVERTING] aso...
[OK] aso
[CONVERTING] back...
[libx264 @ 0x557779aeb4c0] height not divisible by 2 (4800x2813)
[vost#0:0/libx264 @ 0x557779af34c0] Error while opening encoder - maybe incorrect parameters such as bit_rate, rate, width or height.
[vf#0:0 @ 0x557779aec540] Error sending frames to consumers: Generic error in an external library
[vf#0:0 @ 0x557779aec540] Task finished with error code: -542398533 (Generic error in an external library)
[vost#0:0/libx264 @ 0x557779af34c0] Could not open encoder before EOF
[vost#0:0/libx264 @ 0x557779af34c0] Task finished with error code: -22 (Invalid argument)
[vost#0:0/libx264 @ 0x557779af34c0] Terminating thread with return code -22 (Invalid argument)
[vf#0:0 @ 0x557779aec540] Terminating thread with return code -542398533 (Generic error in an external library)
[out#0/mp4 @ 0x557779af2c40] Nothing was written into output file, because at least one of its streams received no packets.
[OK] back
[CONVERTING] brand...
[OK] brand
[CONVERTING] cms...
[OK] cms
[CONVERTING] comp...
[OK] comp
[CONVERTING] crm...
[OK] crm
[CONVERTING] disc...
[OK] disc
[CONVERTING] drupal...
[OK] drupal
[CONVERTING] erp...
[OK] erp
[CONVERTING] front...
[OK] front
[CONVERTING] hr...
[OK] hr
[CONVERTING] hybrid...
[OK] hybrid
[CONVERTING] ios...
[OK] ios
[CONVERTING] laravel...
[OK] laravel
[CONVERTING] mvp...
[OK] mvp
[CONVERTING] net...
[OK] net
[CONVERTING] next...
[OK] next
[CONVERTING] node...
[OK] node
[CONVERTING] php...
[OK] php
[CONVERTING] react...
[OK] react
[CONVERTING] rnad...
[OK] rnad
[CONVERTING] ror...
[libx264 @ 0x564b7e6214c0] height not divisible by 2 (1536x795)
[vost#0:0/libx264 @ 0x564b7e629200] Error while opening encoder - maybe incorrect parameters such as bit_rate, rate, width or height.
[vf#0:0 @ 0x564b7e629740] Error sending frames to consumers: Generic error in an external library
[vf#0:0 @ 0x564b7e629740] Task finished with error code: -542398533 (Generic error in an external library)
[vf#0:0 @ 0x564b7e629740] Terminating thread with return code -542398533 (Generic error in an external library)
[vost#0:0/libx264 @ 0x564b7e629200] Could not open encoder before EOF
[vost#0:0/libx264 @ 0x564b7e629200] Task finished with error code: -22 (Invalid argument)
[vost#0:0/libx264 @ 0x564b7e629200] Terminating thread with return code -22 (Invalid argument)
[out#0/mp4 @ 0x564b7e6308c0] Nothing was written into output file, because at least one of its streams received no packets.
[OK] ror
[CONVERTING] seo...
[OK] seo
[CONVERTING] soft...
[libx264 @ 0x55ca6d2ca4c0] height not divisible by 2 (2560x1707)
[vost#0:0/libx264 @ 0x55ca6d2d3380] Error while opening encoder - maybe incorrect parameters such as bit_rate, rate, width or height.
[vf#0:0 @ 0x55ca6d2d3cc0] Error sending frames to consumers: Generic error in an external library
[vf#0:0 @ 0x55ca6d2d3cc0] Task finished with error code: -542398533 (Generic error in an external library)
[vf#0:0 @ 0x55ca6d2d3cc0] Terminating thread with return code -542398533 (Generic error in an external library)
[vost#0:0/libx264 @ 0x55ca6d2d3380] Could not open encoder before EOF
[vost#0:0/libx264 @ 0x55ca6d2d3380] Task finished with error code: -22 (Invalid argument)
[vost#0:0/libx264 @ 0x55ca6d2d3380] Terminating thread with return code -22 (Invalid argument)
[out#0/mp4 @ 0x55ca6d2d13c0] Nothing was written into output file, because at least one of its streams received no packets.
[OK] soft
[CONVERTING] startup...
[OK] startup
[CONVERTING] ui-ux...
[OK] ui-ux
[CONVERTING] unity...
[OK] unity
[CONVERTING] vue...
[OK] vue
[CONVERTING] wad...
[OK] wad
[CONVERTING] wd...
[OK] wd
Done!
