=== Batch Refactoring Service Heroes to ResponsiveVideoHero ===

Found 40 service files

[SKIP] IoT-Development.tsx (no hero.jpg)
[SKIP] Javascript.tsx (no hero.jpg)
[REFACTORING] Laravel-Development.tsx...
[OK] Laravel-Development.tsx
[REFACTORING] MVP.tsx...
[OK] MVP.tsx
[SKIP] Mobile-Application-Development.tsx (no hero.jpg)
[REFACTORING] Net-Development.tsx...
[OK] Net-Development.tsx
[REFACTORING] Nextjs-Development.tsx...
[OK] Nextjs-Development.tsx
[REFACTORING] Nodejs-Development.tsx...
[OK] Nodejs-Development.tsx
[REFACTORING] PHP-Development.tsx...
[OK] PHP-Development.tsx
[SKIP] Python-Development.tsx (no hero.jpg)
[REFACTORING] React-Native-Development.tsx...
[OK] React-Native-Development.tsx
[SKIP] Reactjs-Development.tsx (already refactored)
[REFACTORING] Ruby-on-Rails.tsx...
[OK] Ruby-on-Rails.tsx
[SKIP] Social-Networking.tsx (no hero.jpg)
[REFACTORING] Software-Development.tsx...
[OK] Software-Development.tsx
[SKIP] Typescript.tsx (no hero.jpg)
[REFACTORING] Vuejs-Development.tsx...
[OK] Vuejs-Development.tsx
[REFACTORING] Web-Application.tsx...
[OK] Web-Application.tsx
[REFACTORING] Web-Design.tsx...
[OK] Web-Design.tsx
[SKIP] Web-Development.tsx (no hero.jpg)
[REFACTORING] ai-development-services.tsx...
[OK] ai-development-services.tsx
[REFACTORING] android-development.tsx...
[OK] android-development.tsx
[SKIP] angular-development.tsx (no hero.jpg)
[REFACTORING] app-store-optimization.tsx...
[OK] app-store-optimization.tsx
[REFACTORING] backend-development.tsx...
[OK] backend-development.tsx
[SKIP] blockchain-development.tsx (no hero.jpg)
[REFACTORING] branding.tsx...
[OK] branding.tsx
[REFACTORING] cms-development.tsx...
[OK] cms-development.tsx
[REFACTORING] crm-development.tsx...
[OK] crm-development.tsx
[SKIP] cross-platform-development.tsx (no hero.jpg)
[SKIP] digital-marketing.tsx (no hero.jpg)
[REFACTORING] discovery-phase.tsx...
[OK] discovery-phase.tsx
[REFACTORING] erp-development.tsx...
[OK] erp-development.tsx
[SKIP] flutter-development.tsx (no hero.jpg)
[REFACTORING] frontend-development.tsx...
[OK] frontend-development.tsx
[REFACTORING] hybrid-app-development.tsx...
[OK] hybrid-app-development.tsx
[REFACTORING] ios-development.tsx...
[OK] ios-development.tsx
[REFACTORING] seo.tsx...
[OK] seo.tsx
[REFACTORING] ui-ux-design.tsx...
[OK] ui-ux-design.tsx
[REFACTORING] unity-development.tsx...
[OK] unity-development.tsx

=== Summary ===
Refactored: 27 files
Skipped: 13 files
Errors/Warnings: 0